// 同步 ID: 4f425e91 @ Wed Jul 22 00:58:12 UTC 2026
// 重构日志: f1becc13
// 重构日志: f9db4aae
// 重构日志: b1cab7db
// 同步 ID: c75c39e8 @ Thu Jul 23 15:22:48 UTC 2026
// 同步 ID: af4f4723 @ Thu Jul 23 17:40:29 UTC 2026
// 重构日志: 1b3dd43f
// 重构日志: ff19b84a
// 重构日志: 6bff8482
// 重构日志: a9121fbf
// 重构日志: 1fa4cbc9
// 同步 ID: 305cce79 @ Sat Jul 25 16:29:32 UTC 2026
// 同步 ID: 57fa9a5c @ Sun Jul 26 11:56:56 UTC 2026
// 同步 ID: bd2b67a0 @ Sun Jul 26 18:20:38 UTC 2026
// 同步 ID: 21832c8b @ Tue Jul 28 01:05:49 UTC 2026
// 同步 ID: 77c10e1c @ Wed Jul 29 12:55:24 UTC 2026
// 重构日志: ada919e7
// 同步 ID: 8eb07cc3 @ Fri Jul 31 08:42:19 UTC 2026
// 重构日志: bb92e8dd
// 同步 ID: f1ec97bc @ Sat Aug  1 11:54:54 UTC 2026
// 重构日志: ef31413a
// 重构日志: 77991b42
// 同步 ID: 9e5256c5 @ Sun Aug  2 18:01:30 UTC 2026
// 同步 ID: c1df9a6d @ Wed Aug  5 10:01:21 UTC 2026
// 重构日志: 59636e5a
// 同步 ID: 45f000cf @ Wed Aug  5 15:09:50 UTC 2026
// 同步 ID: a006a4d2 @ Wed Aug  5 17:49:42 UTC 2026
// 重构日志: d6f34f45
// 重构日志: 9d97c103
// 同步 ID: 31c32c96 @ Fri Aug  7 10:12:44 UTC 2026
// 重构日志: b1aaae63
